{"sessionId":"5a7077","runId":"post-fix","hypothesisId":"H0","location":"CrashDebugLog.Boot","message":"logger_boot","data":{"phase":"BeforeSceneLoad"},"timestamp":1784510182674}
{"sessionId":"5a7077","runId":"post-fix","hypothesisId":"A","location":"MainMenu.Awake","message":"mainmenu_awake","data":{"scene":"MainMenu","go":"Canvas"},"timestamp":1784510182687}
{"sessionId":"5a7077","runId":"post-fix","hypothesisId":"H","location":"CrashFrameProbe.EnsureInScene","message":"probe_attach","data":{"scene":"MainMenu"},"timestamp":1784510182693}
{"sessionId":"5a7077","runId":"post-fix","hypothesisId":"A","location":"MainMenu.OnEnable","message":"mainmenu_onenable","data":{"scene":"MainMenu"},"timestamp":1784510182698}
{"sessionId":"5a7077","runId":"post-fix","hypothesisId":"H0","location":"CrashDebugLog.OnSceneLoaded","message":"scene_loaded","data":{"scene":"MainMenu","mode":"4"},"timestamp":1784510183008}
{"sessionId":"5a7077","runId":"post-fix","hypothesisId":"F","location":"UIPointer.Start","message":"uipointer_start_enter","data":{"scene":"MainMenu","hasFirst":true},"timestamp":1784510183049}
{"sessionId":"5a7077","runId":"post-fix","hypothesisId":"F","location":"UIPointer.Start","message":"uipointer_before_select","data":{"btn":"StartGame"},"timestamp":1784510183053}
{"sessionId":"5a7077","runId":"post-fix","hypothesisId":"F","location":"UIPointer.Start","message":"uipointer_after_select","data":{},"timestamp":1784510183057}
{"sessionId":"5a7077","runId":"post-fix","hypothesisId":"F","location":"UIPointer.Start","message":"uipointer_start_exit","data":{},"timestamp":1784510183059}
{"sessionId":"5a7077","runId":"post-fix","hypothesisId":"A","location":"MainMenu.Start","message":"mainmenu_start_enter","data":{"scene":"MainMenu"},"timestamp":1784510183064}
{"sessionId":"5a7077","runId":"post-fix","hypothesisId":"I","location":"MainMenu.FadeInMusic","message":"fadein_music_enter","data":{"scene":"MainMenu","audio":true},"timestamp":1784510183068}
{"sessionId":"5a7077","runId":"post-fix","hypothesisId":"I","location":"MainMenu.PlayNextAudioClip","message":"play_next_clip","data":{"clips":6,"audio":true},"timestamp":1784510183072}
{"sessionId":"5a7077","runId":"post-fix","hypothesisId":"D","location":"MenuVersionLabel.EnsureOnMainMenu","message":"version_ensure_skipped","data":{"scene":"MainMenu","reason":"no_tmp_instantiate"},"timestamp":1784510183418}
{"sessionId":"5a7077","runId":"post-fix","hypothesisId":"A","location":"MainMenu.Start","message":"mainmenu_before_refreshhub","data":{"scene":"MainMenu"},"timestamp":1784510183422}
{"sessionId":"5a7077","runId":"post-fix","hypothesisId":"A","location":"MainMenu.RefreshHubUI","message":"refreshhub_enter","data":{"scene":"MainMenu","cp":false},"timestamp":1784510183427}
{"sessionId":"5a7077","runId":"post-fix","hypothesisId":"A","location":"MainMenu.Start","message":"mainmenu_start_exit","data":{"scene":"MainMenu"},"timestamp":1784510183430}
{"sessionId":"5a7077","runId":"post-fix","hypothesisId":"H","location":"CrashFrameProbe.Start","message":"probe_start","data":{"scene":"MainMenu"},"timestamp":1784510183433}
{"sessionId":"5a7077","runId":"post-fix","hypothesisId":"G","location":"UIPointer.Update","message":"uipointer_first_update","data":{"scene":"MainMenu"},"timestamp":1784510183446}
{"sessionId":"5a7077","runId":"post-fix","hypothesisId":"G","location":"CrashFrameProbe.Update","message":"probe_first_update","data":{"scene":"MainMenu"},"timestamp":1784510183454}
{"sessionId":"5a7077","runId":"post-fix","hypothesisId":"G","location":"CrashFrameProbe.LateUpdate","message":"probe_first_lateupdate","data":{"scene":"MainMenu"},"timestamp":1784510183459}
{"sessionId":"5a7077","runId":"post-fix","hypothesisId":"J","location":"CrashFrameProbe.EndOfFrameProbe","message":"before_wait_eof","data":{"scene":"MainMenu"},"timestamp":1784510183462}
{"sessionId":"5a7077","runId":"post-fix","hypothesisId":"J","location":"CrashFrameProbe.EndOfFrameProbe","message":"after_wait_eof","data":{"scene":"MainMenu"},"timestamp":1784510184046}
{"sessionId":"5a7077","runId":"post-fix","hypothesisId":"D","location":"MainMenu.OnDisable","message":"mainmenu_ondisable","data":{"scene":"MainMenu"},"timestamp":1784510188780}
{"sessionId":"5a7077","runId":"post-fix","hypothesisId":"H0","location":"CrashDebugLog.Boot","message":"logger_boot","data":{"phase":"BeforeSceneLoad"},"timestamp":1784510197869}
{"sessionId":"5a7077","runId":"post-fix","hypothesisId":"A","location":"MainMenu.Awake","message":"mainmenu_awake","data":{"scene":"MainMenu","go":"Canvas"},"timestamp":1784510197888}
{"sessionId":"5a7077","runId":"post-fix","hypothesisId":"H","location":"CrashFrameProbe.EnsureInScene","message":"probe_attach","data":{"scene":"MainMenu"},"timestamp":1784510197892}
{"sessionId":"5a7077","runId":"post-fix","hypothesisId":"A","location":"MainMenu.OnEnable","message":"mainmenu_onenable","data":{"scene":"MainMenu"},"timestamp":1784510197895}
{"sessionId":"5a7077","runId":"post-fix","hypothesisId":"H0","location":"CrashDebugLog.OnSceneLoaded","message":"scene_loaded","data":{"scene":"MainMenu","mode":"4"},"timestamp":1784510198167}
{"sessionId":"5a7077","runId":"post-fix","hypothesisId":"F","location":"UIPointer.Start","message":"uipointer_start_enter","data":{"scene":"MainMenu","hasFirst":true},"timestamp":1784510198476}
{"sessionId":"5a7077","runId":"post-fix","hypothesisId":"F","location":"UIPointer.Start","message":"uipointer_before_select","data":{"btn":"StartGame"},"timestamp":1784510198479}
{"sessionId":"5a7077","runId":"post-fix","hypothesisId":"F","location":"UIButton.OnSelect","message":"uibutton_onselect","data":{"go":"StartGame","scene":"MainMenu"},"timestamp":1784510198486}
{"sessionId":"5a7077","runId":"post-fix","hypothesisId":"F","location":"UIPointer.Start","message":"uipointer_after_select","data":{},"timestamp":1784510198490}
{"sessionId":"5a7077","runId":"post-fix","hypothesisId":"F","location":"UIPointer.Start","message":"uipointer_start_exit","data":{},"timestamp":1784510198492}
{"sessionId":"5a7077","runId":"post-fix","hypothesisId":"A","location":"MainMenu.Start","message":"mainmenu_start_enter","data":{"scene":"MainMenu"},"timestamp":1784510198496}
{"sessionId":"5a7077","runId":"post-fix","hypothesisId":"I","location":"MainMenu.FadeInMusic","message":"fadein_music_enter","data":{"scene":"MainMenu","audio":true},"timestamp":1784510198502}
{"sessionId":"5a7077","runId":"post-fix","hypothesisId":"I","location":"MainMenu.PlayNextAudioClip","message":"play_next_clip","data":{"clips":6,"audio":true},"timestamp":1784510198505}
{"sessionId":"5a7077","runId":"post-fix","hypothesisId":"D","location":"MenuVersionLabel.EnsureOnMainMenu","message":"version_ensure_skipped","data":{"scene":"MainMenu","reason":"no_tmp_instantiate"},"timestamp":1784510198773}
{"sessionId":"5a7077","runId":"post-fix","hypothesisId":"A","location":"MainMenu.Start","message":"mainmenu_before_refreshhub","data":{"scene":"MainMenu"},"timestamp":1784510198776}
{"sessionId":"5a7077","runId":"post-fix","hypothesisId":"A","location":"MainMenu.RefreshHubUI","message":"refreshhub_enter","data":{"scene":"MainMenu","cp":false},"timestamp":1784510198779}
{"sessionId":"5a7077","runId":"post-fix","hypothesisId":"A","location":"MainMenu.Start","message":"mainmenu_start_exit","data":{"scene":"MainMenu"},"timestamp":1784510198783}
{"sessionId":"5a7077","runId":"post-fix","hypothesisId":"H","location":"CrashFrameProbe.Start","message":"probe_start","data":{"scene":"MainMenu"},"timestamp":1784510198786}
{"sessionId":"5a7077","runId":"post-fix","hypothesisId":"G","location":"UIPointer.Update","message":"uipointer_first_update","data":{"scene":"MainMenu"},"timestamp":1784510198799}
{"sessionId":"5a7077","runId":"post-fix","hypothesisId":"G","location":"CrashFrameProbe.Update","message":"probe_first_update","data":{"scene":"MainMenu"},"timestamp":1784510198807}
{"sessionId":"5a7077","runId":"post-fix","hypothesisId":"G","location":"CrashFrameProbe.LateUpdate","message":"probe_first_lateupdate","data":{"scene":"MainMenu"},"timestamp":1784510198811}
{"sessionId":"5a7077","runId":"post-fix","hypothesisId":"J","location":"CrashFrameProbe.EndOfFrameProbe","message":"before_wait_eof","data":{"scene":"MainMenu"},"timestamp":1784510198816}
{"sessionId":"5a7077","runId":"post-fix","hypothesisId":"J","location":"CrashFrameProbe.EndOfFrameProbe","message":"after_wait_eof","data":{"scene":"MainMenu"},"timestamp":1784510199234}
{"sessionId":"5a7077","runId":"post-fix","hypothesisId":"F","location":"UIButton.OnSelect","message":"uibutton_onselect","data":{"go":"Controls","scene":"MainMenu"},"timestamp":1784510200350}
{"sessionId":"5a7077","runId":"post-fix","hypothesisId":"F","location":"UIButton.OnSelect","message":"uibutton_onselect","data":{"go":"Credits","scene":"MainMenu"},"timestamp":1784510200521}
{"sessionId":"5a7077","runId":"post-fix","hypothesisId":"F","location":"UIButton.OnSelect","message":"uibutton_onselect","data":{"go":"ExitGame","scene":"MainMenu"},"timestamp":1784510200683}
{"sessionId":"5a7077","runId":"post-fix","hypothesisId":"F","location":"UIButton.OnSelect","message":"uibutton_onselect","data":{"go":"StartGame","scene":"MainMenu"},"timestamp":1784510200842}
{"sessionId":"5a7077","runId":"post-fix","hypothesisId":"D","location":"MainMenu.OnDisable","message":"mainmenu_ondisable","data":{"scene":"MainMenu"},"timestamp":1784510204384}
{"sessionId":"5a7077","runId":"post-fix","hypothesisId":"H0","location":"CrashDebugLog.OnSceneUnloaded","message":"scene_unloaded","data":{"scene":"MainMenu"},"timestamp":1784510204388}
{"sessionId":"5a7077","runId":"post-fix","hypothesisId":"B","location":"MissionTipBalloon.Awake","message":"tip_awake_enter","data":{"scene":"PoliceStation"},"timestamp":1784510204394}
{"sessionId":"5a7077","runId":"post-fix","hypothesisId":"B","location":"MissionTipBalloon.Awake","message":"tip_awake_exit","data":{},"timestamp":1784510204398}
{"sessionId":"5a7077","runId":"post-fix","hypothesisId":"A","location":"MainMenu.Awake","message":"mainmenu_awake","data":{"scene":"PoliceStation","go":"Menu Canvas"},"timestamp":1784510204411}
{"sessionId":"5a7077","runId":"post-fix","hypothesisId":"H","location":"CrashFrameProbe.EnsureInScene","message":"probe_attach","data":{"scene":"PoliceStation"},"timestamp":1784510204414}
{"sessionId":"5a7077","runId":"post-fix","hypothesisId":"A","location":"MainMenu.OnEnable","message":"mainmenu_onenable","data":{"scene":"PoliceStation"},"timestamp":1784510204417}
{"sessionId":"5a7077","runId":"post-fix","hypothesisId":"H0","location":"CrashDebugLog.OnSceneLoaded","message":"scene_loaded","data":{"scene":"PoliceStation","mode":"Single"},"timestamp":1784510204673}
{"sessionId":"5a7077","runId":"post-fix","hypothesisId":"E","location":"PoliceStationDebugMenu.TryAttach","message":"debugmenu_attach","data":{"scene":"PoliceStation"},"timestamp":1784510204680}
{"sessionId":"5a7077","runId":"post-fix","hypothesisId":"B","location":"MissionTipBalloon.Start","message":"tip_start","data":{"scene":"PoliceStation"},"timestamp":1784510204684}
{"sessionId":"5a7077","runId":"post-fix","hypothesisId":"A","location":"MainMenu.Start","message":"mainmenu_start_enter","data":{"scene":"PoliceStation"},"timestamp":1784510204690}
{"sessionId":"5a7077","runId":"post-fix","hypothesisId":"I","location":"MainMenu.FadeInMusic","message":"fadein_music_enter","data":{"scene":"PoliceStation","audio":true},"timestamp":1784510204693}
{"sessionId":"5a7077","runId":"post-fix","hypothesisId":"I","location":"MainMenu.PlayNextAudioClip","message":"play_next_clip","data":{"clips":2,"audio":true},"timestamp":1784510204696}
{"sessionId":"5a7077","runId":"post-fix","hypothesisId":"A","location":"MainMenu.Start","message":"mainmenu_before_refreshhub","data":{"scene":"PoliceStation"},"timestamp":1784510204699}
{"sessionId":"5a7077","runId":"post-fix","hypothesisId":"A","location":"MainMenu.RefreshHubUI","message":"refreshhub_enter","data":{"scene":"PoliceStation","cp":true},"timestamp":1784510204702}
{"sessionId":"5a7077","runId":"post-fix","hypothesisId":"A","location":"MainMenu.RefreshHubUI","message":"refreshhub_exit","data":{"scene":"PoliceStation"},"timestamp":1784510204707}
{"sessionId":"5a7077","runId":"post-fix","hypothesisId":"A","location":"MainMenu.Start","message":"mainmenu_start_exit","data":{"scene":"PoliceStation"},"timestamp":1784510204710}
{"sessionId":"5a7077","runId":"post-fix","hypothesisId":"H","location":"CrashFrameProbe.Start","message":"probe_start","data":{"scene":"PoliceStation"},"timestamp":1784510204713}
{"sessionId":"5a7077","runId":"post-fix","hypothesisId":"F","location":"UIPointer.Start","message":"uipointer_start_enter","data":{"scene":"PoliceStation","hasFirst":true},"timestamp":1784510204717}
{"sessionId":"5a7077","runId":"post-fix","hypothesisId":"F","location":"UIPointer.Start","message":"uipointer_before_select","data":{"btn":"FastResponse"},"timestamp":1784510204720}
{"sessionId":"5a7077","runId":"post-fix","hypothesisId":"F","location":"UIButton.OnSelect","message":"uibutton_onselect","data":{"go":"FastResponse","scene":"PoliceStation"},"timestamp":1784510204723}
{"sessionId":"5a7077","runId":"post-fix","hypothesisId":"F","location":"UIPointer.Start","message":"uipointer_after_select","data":{},"timestamp":1784510204726}
{"sessionId":"5a7077","runId":"post-fix","hypothesisId":"F","location":"UIPointer.Start","message":"uipointer_start_exit","data":{},"timestamp":1784510204730}
{"sessionId":"5a7077","runId":"post-fix","hypothesisId":"G","location":"UIPointer.Update","message":"uipointer_first_update","data":{"scene":"PoliceStation"},"timestamp":1784510204734}
{"sessionId":"5a7077","runId":"post-fix","hypothesisId":"G","location":"CrashFrameProbe.Update","message":"probe_first_update","data":{"scene":"PoliceStation"},"timestamp":1784510204738}
{"sessionId":"5a7077","runId":"post-fix","hypothesisId":"G","location":"CrashFrameProbe.LateUpdate","message":"probe_first_lateupdate","data":{"scene":"PoliceStation"},"timestamp":1784510204741}
{"sessionId":"5a7077","runId":"post-fix","hypothesisId":"J","location":"CrashFrameProbe.EndOfFrameProbe","message":"before_wait_eof","data":{"scene":"PoliceStation"},"timestamp":1784510204743}
{"sessionId":"5a7077","runId":"post-fix","hypothesisId":"J","location":"CrashFrameProbe.EndOfFrameProbe","message":"after_wait_eof","data":{"scene":"PoliceStation"},"timestamp":1784510204761}
{"sessionId":"5a7077","runId":"post-fix","hypothesisId":"B","location":"MissionTipBalloon.InitAfterSceneReady","message":"tip_init_begin","data":{},"timestamp":1784510205691}
{"sessionId":"5a7077","runId":"post-fix","hypothesisId":"B","location":"MissionTipBalloon.InitAfterSceneReady","message":"tip_init_skipped_tmp","data":{},"timestamp":1784510205695}
{"sessionId":"5a7077","runId":"post-fix","hypothesisId":"F","location":"UIButton.OnSelect","message":"uibutton_onselect","data":{"go":"PursuitMission","scene":"PoliceStation"},"timestamp":1784510206762}
{"sessionId":"5a7077","runId":"post-fix","hypothesisId":"F","location":"UIButton.OnSelect","message":"uibutton_onselect","data":{"go":"RescueMission","scene":"PoliceStation"},"timestamp":1784510207290}
{"sessionId":"5a7077","runId":"post-fix","hypothesisId":"F","location":"UIButton.OnSelect","message":"uibutton_onselect","data":{"go":"WantedMission","scene":"PoliceStation"},"timestamp":1784510207762}
{"sessionId":"5a7077","runId":"post-fix","hypothesisId":"F","location":"UIButton.OnSelect","message":"uibutton_onselect","data":{"go":"DutyButton","scene":"PoliceStation"},"timestamp":1784510208214}
{"sessionId":"5a7077","runId":"post-fix","hypothesisId":"F","location":"UIButton.OnSelect","message":"uibutton_onselect","data":{"go":"QuitButton","scene":"PoliceStation"},"timestamp":1784510208666}
{"sessionId":"5a7077","runId":"post-fix","hypothesisId":"F","location":"UIButton.OnSelect","message":"uibutton_onselect","data":{"go":"FastResponse","scene":"PoliceStation"},"timestamp":1784510209122}
{"sessionId":"5a7077","runId":"post-fix","hypothesisId":"F","location":"UIButton.OnSelect","message":"uibutton_onselect","data":{"go":"PursuitMission","scene":"PoliceStation"},"timestamp":1784510209579}
{"sessionId":"5a7077","runId":"post-fix","hypothesisId":"F","location":"UIButton.OnSelect","message":"uibutton_onselect","data":{"go":"RescueMission","scene":"PoliceStation"},"timestamp":1784510210066}
{"sessionId":"5a7077","runId":"post-fix","hypothesisId":"F","location":"UIButton.OnSelect","message":"uibutton_onselect","data":{"go":"WantedMission","scene":"PoliceStation"},"timestamp":1784510210517}
{"sessionId":"5a7077","runId":"post-fix","hypothesisId":"F","location":"UIButton.OnSelect","message":"uibutton_onselect","data":{"go":"DutyButton","scene":"PoliceStation"},"timestamp":1784510210993}
{"sessionId":"5a7077","runId":"post-fix","hypothesisId":"F","location":"UIButton.OnSelect","message":"uibutton_onselect","data":{"go":"QuitButton","scene":"PoliceStation"},"timestamp":1784510211466}
{"sessionId":"5a7077","runId":"post-fix","hypothesisId":"F","location":"UIButton.OnSelect","message":"uibutton_onselect","data":{"go":"FastResponse","scene":"PoliceStation"},"timestamp":1784510211915}
{"sessionId":"5a7077","runId":"post-fix","hypothesisId":"F","location":"UIButton.OnSelect","message":"uibutton_onselect","data":{"go":"PursuitMission","scene":"PoliceStation"},"timestamp":1784510212413}
{"sessionId":"5a7077","runId":"post-fix","hypothesisId":"F","location":"UIButton.OnSelect","message":"uibutton_onselect","data":{"go":"RescueMission","scene":"PoliceStation"},"timestamp":1784510212914}
{"sessionId":"5a7077","runId":"post-fix","hypothesisId":"F","location":"UIButton.OnSelect","message":"uibutton_onselect","data":{"go":"WantedMission","scene":"PoliceStation"},"timestamp":1784510213092}
{"sessionId":"5a7077","runId":"post-fix","hypothesisId":"F","location":"UIButton.OnSelect","message":"uibutton_onselect","data":{"go":"DutyButton","scene":"PoliceStation"},"timestamp":1784510213394}
{"sessionId":"5a7077","runId":"post-fix","hypothesisId":"F","location":"UIButton.OnSelect","message":"uibutton_onselect","data":{"go":"QuitButton","scene":"PoliceStation"},"timestamp":1784510213883}
{"sessionId":"5a7077","runId":"post-fix","hypothesisId":"F","location":"UIButton.OnSelect","message":"uibutton_onselect","data":{"go":"FastResponse","scene":"PoliceStation"},"timestamp":1784510214066}
{"sessionId":"5a7077","runId":"post-fix","hypothesisId":"F","location":"UIButton.OnSelect","message":"uibutton_onselect","data":{"go":"PursuitMission","scene":"PoliceStation"},"timestamp":1784510214330}
{"sessionId":"5a7077","runId":"post-fix","hypothesisId":"F","location":"UIButton.OnSelect","message":"uibutton_onselect","data":{"go":"RescueMission","scene":"PoliceStation"},"timestamp":1784510214809}
{"sessionId":"5a7077","runId":"post-fix","hypothesisId":"F","location":"UIButton.OnSelect","message":"uibutton_onselect","data":{"go":"WantedMission","scene":"PoliceStation"},"timestamp":1784510214993}
{"sessionId":"5a7077","runId":"post-fix","hypothesisId":"F","location":"UIButton.OnSelect","message":"uibutton_onselect","data":{"go":"DutyButton","scene":"PoliceStation"},"timestamp":1784510215257}
{"sessionId":"5a7077","runId":"post-fix","hypothesisId":"F","location":"UIButton.OnSelect","message":"uibutton_onselect","data":{"go":"QuitButton","scene":"PoliceStation"},"timestamp":1784510215747}
{"sessionId":"5a7077","runId":"post-fix","hypothesisId":"F","location":"UIButton.OnSelect","message":"uibutton_onselect","data":{"go":"FastResponse","scene":"PoliceStation"},"timestamp":1784510215913}
{"sessionId":"5a7077","runId":"post-fix","hypothesisId":"F","location":"UIButton.OnSelect","message":"uibutton_onselect","data":{"go":"PursuitMission","scene":"PoliceStation"},"timestamp":1784510216204}
{"sessionId":"5a7077","runId":"post-fix","hypothesisId":"F","location":"UIButton.OnSelect","message":"uibutton_onselect","data":{"go":"RescueMission","scene":"PoliceStation"},"timestamp":1784510216666}
{"sessionId":"5a7077","runId":"post-fix","hypothesisId":"F","location":"UIButton.OnSelect","message":"uibutton_onselect","data":{"go":"WantedMission","scene":"PoliceStation"},"timestamp":1784510216843}
{"sessionId":"5a7077","runId":"post-fix","hypothesisId":"F","location":"UIButton.OnSelect","message":"uibutton_onselect","data":{"go":"DutyButton","scene":"PoliceStation"},"timestamp":1784510217122}
{"sessionId":"5a7077","runId":"post-fix","hypothesisId":"F","location":"UIButton.OnSelect","message":"uibutton_onselect","data":{"go":"QuitButton","scene":"PoliceStation"},"timestamp":1784510217570}
{"sessionId":"5a7077","runId":"post-fix","hypothesisId":"F","location":"UIButton.OnSelect","message":"uibutton_onselect","data":{"go":"FastResponse","scene":"PoliceStation"},"timestamp":1784510217746}
{"sessionId":"5a7077","runId":"post-fix","hypothesisId":"F","location":"UIButton.OnSelect","message":"uibutton_onselect","data":{"go":"PursuitMission","scene":"PoliceStation"},"timestamp":1784510218058}
{"sessionId":"5a7077","runId":"post-fix","hypothesisId":"F","location":"UIButton.OnSelect","message":"uibutton_onselect","data":{"go":"RescueMission","scene":"PoliceStation"},"timestamp":1784510218547}
{"sessionId":"5a7077","runId":"post-fix","hypothesisId":"F","location":"UIButton.OnSelect","message":"uibutton_onselect","data":{"go":"WantedMission","scene":"PoliceStation"},"timestamp":1784510218706}
{"sessionId":"5a7077","runId":"post-fix","hypothesisId":"F","location":"UIButton.OnSelect","message":"uibutton_onselect","data":{"go":"DutyButton","scene":"PoliceStation"},"timestamp":1784510218994}
{"sessionId":"5a7077","runId":"post-fix","hypothesisId":"F","location":"UIButton.OnSelect","message":"uibutton_onselect","data":{"go":"QuitButton","scene":"PoliceStation"},"timestamp":1784510219457}
{"sessionId":"5a7077","runId":"post-fix","hypothesisId":"F","location":"UIButton.OnSelect","message":"uibutton_onselect","data":{"go":"FastResponse","scene":"PoliceStation"},"timestamp":1784510219907}
{"sessionId":"5a7077","runId":"post-fix","hypothesisId":"F","location":"UIButton.OnSelect","message":"uibutton_onselect","data":{"go":"PursuitMission","scene":"PoliceStation"},"timestamp":1784510220354}
{"sessionId":"5a7077","runId":"post-fix","hypothesisId":"F","location":"UIButton.OnSelect","message":"uibutton_onselect","data":{"go":"RescueMission","scene":"PoliceStation"},"timestamp":1784510220792}
{"sessionId":"5a7077","runId":"post-fix","hypothesisId":"F","location":"UIButton.OnSelect","message":"uibutton_onselect","data":{"go":"WantedMission","scene":"PoliceStation"},"timestamp":1784510221250}
{"sessionId":"5a7077","runId":"post-fix","hypothesisId":"F","location":"UIButton.OnSelect","message":"uibutton_onselect","data":{"go":"DutyButton","scene":"PoliceStation"},"timestamp":1784510221698}
{"sessionId":"5a7077","runId":"post-fix","hypothesisId":"F","location":"UIButton.OnSelect","message":"uibutton_onselect","data":{"go":"QuitButton","scene":"PoliceStation"},"timestamp":1784510222177}
{"sessionId":"5a7077","runId":"post-fix","hypothesisId":"F","location":"UIButton.OnSelect","message":"uibutton_onselect","data":{"go":"FastResponse","scene":"PoliceStation"},"timestamp":1784510222698}
{"sessionId":"5a7077","runId":"post-fix","hypothesisId":"F","location":"UIButton.OnSelect","message":"uibutton_onselect","data":{"go":"PursuitMission","scene":"PoliceStation"},"timestamp":1784510223129}
{"sessionId":"5a7077","runId":"post-fix","hypothesisId":"F","location":"UIButton.OnSelect","message":"uibutton_onselect","data":{"go":"RescueMission","scene":"PoliceStation"},"timestamp":1784510223632}
{"sessionId":"5a7077","runId":"post-fix","hypothesisId":"F","location":"UIButton.OnSelect","message":"uibutton_onselect","data":{"go":"WantedMission","scene":"PoliceStation"},"timestamp":1784510224081}
{"sessionId":"5a7077","runId":"post-fix","hypothesisId":"F","location":"UIButton.OnSelect","message":"uibutton_onselect","data":{"go":"DutyButton","scene":"PoliceStation"},"timestamp":1784510224560}
{"sessionId":"5a7077","runId":"post-fix","hypothesisId":"F","location":"UIButton.OnSelect","message":"uibutton_onselect","data":{"go":"QuitButton","scene":"PoliceStation"},"timestamp":1784510225049}
{"sessionId":"5a7077","runId":"post-fix","hypothesisId":"F","location":"UIButton.OnSelect","message":"uibutton_onselect","data":{"go":"FastResponse","scene":"PoliceStation"},"timestamp":1784510225539}
{"sessionId":"5a7077","runId":"post-fix","hypothesisId":"F","location":"UIButton.OnSelect","message":"uibutton_onselect","data":{"go":"PursuitMission","scene":"PoliceStation"},"timestamp":1784510225921}
{"sessionId":"5a7077","runId":"post-fix","hypothesisId":"F","location":"UIButton.OnSelect","message":"uibutton_onselect","data":{"go":"RescueMission","scene":"PoliceStation"},"timestamp":1784510226393}
{"sessionId":"5a7077","runId":"post-fix","hypothesisId":"F","location":"UIButton.OnSelect","message":"uibutton_onselect","data":{"go":"WantedMission","scene":"PoliceStation"},"timestamp":1784510226874}
{"sessionId":"5a7077","runId":"post-fix","hypothesisId":"F","location":"UIButton.OnSelect","message":"uibutton_onselect","data":{"go":"DutyButton","scene":"PoliceStation"},"timestamp":1784510227336}
{"sessionId":"5a7077","runId":"post-fix","hypothesisId":"F","location":"UIButton.OnSelect","message":"uibutton_onselect","data":{"go":"QuitButton","scene":"PoliceStation"},"timestamp":1784510227850}
{"sessionId":"5a7077","runId":"post-fix","hypothesisId":"F","location":"UIButton.OnSelect","message":"uibutton_onselect","data":{"go":"FastResponse","scene":"PoliceStation"},"timestamp":1784510228313}
{"sessionId":"5a7077","runId":"post-fix","hypothesisId":"F","location":"UIButton.OnSelect","message":"uibutton_onselect","data":{"go":"PursuitMission","scene":"PoliceStation"},"timestamp":1784510228737}
{"sessionId":"5a7077","runId":"post-fix","hypothesisId":"F","location":"UIButton.OnSelect","message":"uibutton_onselect","data":{"go":"RescueMission","scene":"PoliceStation"},"timestamp":1784510229202}
{"sessionId":"5a7077","runId":"post-fix","hypothesisId":"F","location":"UIButton.OnSelect","message":"uibutton_onselect","data":{"go":"WantedMission","scene":"PoliceStation"},"timestamp":1784510229625}
{"sessionId":"5a7077","runId":"post-fix","hypothesisId":"F","location":"UIButton.OnSelect","message":"uibutton_onselect","data":{"go":"DutyButton","scene":"PoliceStation"},"timestamp":1784510230042}
{"sessionId":"5a7077","runId":"post-fix","hypothesisId":"F","location":"UIButton.OnSelect","message":"uibutton_onselect","data":{"go":"QuitButton","scene":"PoliceStation"},"timestamp":1784510230522}
{"sessionId":"5a7077","runId":"post-fix","hypothesisId":"F","location":"UIButton.OnSelect","message":"uibutton_onselect","data":{"go":"FastResponse","scene":"PoliceStation"},"timestamp":1784510230833}
{"sessionId":"5a7077","runId":"post-fix","hypothesisId":"F","location":"UIButton.OnSelect","message":"uibutton_onselect","data":{"go":"PursuitMission","scene":"PoliceStation"},"timestamp":1784510231001}
{"sessionId":"5a7077","runId":"post-fix","hypothesisId":"F","location":"UIButton.OnSelect","message":"uibutton_onselect","data":{"go":"RescueMission","scene":"PoliceStation"},"timestamp":1784510231409}
{"sessionId":"5a7077","runId":"post-fix","hypothesisId":"F","location":"UIButton.OnSelect","message":"uibutton_onselect","data":{"go":"WantedMission","scene":"PoliceStation"},"timestamp":1784510231609}
{"sessionId":"5a7077","runId":"post-fix","hypothesisId":"F","location":"UIButton.OnSelect","message":"uibutton_onselect","data":{"go":"DutyButton","scene":"PoliceStation"},"timestamp":1784510231785}
{"sessionId":"5a7077","runId":"post-fix","hypothesisId":"F","location":"UIButton.OnSelect","message":"uibutton_onselect","data":{"go":"QuitButton","scene":"PoliceStation"},"timestamp":1784510232289}
{"sessionId":"5a7077","runId":"post-fix","hypothesisId":"F","location":"UIButton.OnSelect","message":"uibutton_onselect","data":{"go":"FastResponse","scene":"PoliceStation"},"timestamp":1784510232664}
{"sessionId":"5a7077","runId":"post-fix","hypothesisId":"F","location":"UIButton.OnSelect","message":"uibutton_onselect","data":{"go":"PursuitMission","scene":"PoliceStation"},"timestamp":1784510232977}
{"sessionId":"5a7077","runId":"post-fix","hypothesisId":"D","location":"MainMenu.OnDisable","message":"mainmenu_ondisable","data":{"scene":"PoliceStation"},"timestamp":1784510268382}
